\BOOKMARK [1][-]{section.1}{\376\377\000S\000y\000n\000t\000a\000x}{}% 1
\BOOKMARK [2][-]{subsection.1.1}{\376\377\000W\000e\000l\000l\000-\000f\000o\000r\000m\000e\000d\000\040\000F\000o\000r\000m\000u\000l\000a\000\040\000\050\000W\000F\000F\000\051}{section.1}% 2
\BOOKMARK [2][-]{subsection.1.2}{\376\377\000C\000l\000o\000s\000e\000d\000\040\000S\000e\000t}{section.1}% 3
\BOOKMARK [3][-]{subsubsection.1.2.1}{\376\377\000A\000l\000l\000\040\000C\000l\000o\000s\000e\000d\000\040\000S\000e\000t}{subsection.1.2}% 4
\BOOKMARK [2][-]{subsection.1.3}{\376\377\000F\000O\000R\000M\000\040\000i\000s\000\040\000t\000h\000e\000\040\000m\000i\000n\000i\000m\000u\000m\000\040\000o\000f\000\040\000t\000h\000e\000\040\000s\000e\000t\000\040\000o\000f\000\040\000C\000l\000o\000s\000e\000d}{section.1}% 5
\BOOKMARK [2][-]{subsection.1.4}{\376\377\000S\000u\000b\000f\000o\000r\000m\000u\000l\000a}{section.1}% 6
\BOOKMARK [1][-]{section.2}{\376\377\000S\000e\000m\000a\000t\000i\000c\000s}{}% 7
\BOOKMARK [2][-]{subsection.2.1}{\376\377\000T\000r\000u\000t\000h\000\040\000A\000s\000s\000i\000g\000n\000m\000e\000n\000t\000/\000P\000r\000o\000p\000o\000s\000i\000t\000i\000o\000n\000\040\000e\000v\000a\000l\000u\000a\000t\000i\000o\000n}{section.2}% 8
\BOOKMARK [2][-]{subsection.2.2}{\376\377\000E\000n\000t\000a\000i\000l\000/\000M\000o\000d\000e\000l}{section.2}% 9
\BOOKMARK [3][-]{subsubsection.2.2.1}{\376\377\000V\000a\000l\000u\000a\000t\000i\000o\000n\000\040\000a\000n\000d\000\040\000M\000o\000d\000e\000l}{subsection.2.2}% 10
\BOOKMARK [3][-]{subsubsection.2.2.2}{\376\377\000|\000-\0003\000m\000u\000\040\000a\000s\000\040\000a\000\040\000r\000e\000l\000a\000t\000i\000o\000n}{subsection.2.2}% 11
\BOOKMARK [3][-]{subsubsection.2.2.3}{\376\377\000L\000o\000g\000i\000c\000a\000l\000\040\000E\000q\000u\000i\000v\000a\000l\000e\000n\000c\000e}{subsection.2.2}% 12
\BOOKMARK [2][-]{subsection.2.3}{\376\377\000S\000a\000t\000i\000s\000f\000i\000a\000b\000i\000l\000i\000t\000y\000\040\000o\000f\000\040\000F\000o\000r\000m\000u\000l\000a}{section.2}% 13
\BOOKMARK [3][-]{subsubsection.2.3.1}{\376\377\000V\000a\000l\000i\000d\000\040\000f\000o\000r\000m\000u\000l\000a\000\050\000t\000a\000u\000t\000o\000l\000o\000g\000y\000\051}{subsection.2.3}% 14
\BOOKMARK [2][-]{subsection.2.4}{\376\377\000S\000a\000t\000i\000s\000f\000i\000a\000b\000i\000l\000i\000t\000y\000\040\000o\000f\000\040\000a\000\040\000s\000e\000t\000\040\000o\000f\000\040\000f\000o\000r\000m\000u\000l\000a}{section.2}% 15
\BOOKMARK [3][-]{subsubsection.2.4.1}{\376\377\000R\000e\000l\000e\000v\000a\000n\000c\000e}{subsection.2.4}% 16
\BOOKMARK [3][-]{subsubsection.2.4.2}{\376\377\000L\000o\000g\000i\000c\000a\000l\000\040\000c\000o\000n\000s\000e\000q\000u\000e\000n\000c\000e}{subsection.2.4}% 17
\BOOKMARK [2][-]{subsection.2.5}{\376\377\000M\000o\000d\000e\000l\000l\000i\000n\000g\000\040\000C\000o\000m\000p\000u\000t\000a\000t\000i\000o\000n\000s\000\040\000a\000s\000\040\000P\000r\000o\000p\000o\000s\000i\000t\000i\000o\000n\000a\000l\000\040\000L\000o\000g\000i\000c}{section.2}% 18
\BOOKMARK [1][-]{section.3}{\376\377\000C\000o\000m\000p\000a\000c\000t\000n\000e\000s\000s\000\040\000T\000h\000e\000o\000r\000e\000m}{}% 19
\BOOKMARK [2][-]{subsection.3.1}{\376\377\000A\000p\000p\000l\000i\000c\000a\000t\000i\000o\000n\000\040\000o\000f\000\040\000t\000h\000e\000\040\000C\000o\000m\000p\000a\000c\000t\000n\000e\000s\000s\000\040\000t\000h\000e\000o\000r\000e\000m\000\040\000f\000o\000r\000\040\000p\000r\000o\000p\000o\000s\000i\000t\000i\000o\000n\000\040\000l\000o\000g\000i\000c\000s}{section.3}% 20
\BOOKMARK [1][-]{section.4}{\376\377\000P\000r\000o\000o\000f\000\040\000S\000y\000s\000t\000e\000m}{}% 21
\BOOKMARK [2][-]{subsection.4.1}{\376\377\000H\000i\000l\000b\000e\000r\000t\000\040\000S\000t\000y\000l\000e\000\040\000P\000r\000o\000o\000f\000\040\000S\000y\000s\000t\000e\000m\000\040}{section.4}% 22
\BOOKMARK [2][-]{subsection.4.2}{\376\377\000R\000e\000s\000o\000l\000u\000t\000i\000o\000n\000\040\000P\000r\000o\000o\000f\000\040\000S\000y\000s\000t\000e\000m}{section.4}% 23
\BOOKMARK [1][-]{section.5}{\376\377\000C\000o\000m\000p\000l\000e\000x\000i\000t\000y}{}% 24
\BOOKMARK [2][-]{subsection.5.1}{\376\377\000T\000u\000r\000i\000n\000g\000\040\000M\000a\000c\000h\000i\000n\000e}{section.5}% 25
\BOOKMARK [2][-]{subsection.5.2}{\376\377\000S\000e\000m\000a\000n\000t\000i\000c\000s\000\040\000o\000f\000\040\000T\000M}{section.5}% 26
\BOOKMARK [2][-]{subsection.5.3}{\376\377\000R\000u\000n\000n\000i\000n\000g\000\040\000t\000i\000m\000e\000\040\000a\000n\000d\000\040\000S\000p\000a\000c\000e}{section.5}% 27
\BOOKMARK [2][-]{subsection.5.4}{\376\377\000C\000o\000m\000p\000l\000e\000x\000i\000t\000y\000\040\000c\000l\000a\000s\000s\000e\000s}{section.5}% 28
\BOOKMARK [2][-]{subsection.5.5}{\376\377\000H\000a\000r\000d\000n\000e\000s\000s}{section.5}% 29
\BOOKMARK [2][-]{subsection.5.6}{\376\377\000R\000e\000d\000u\000c\000t\000i\000o\000n}{section.5}% 30
